V3 19
FL /home/ise/ISE_projects/ISE_Projects/PWM_project/Pre_Scaler_Unit.vhd 2024/02/13.21:35:14 P.20131013
EN work/Pre_Scaler_Unit 1707922924 \
      FL /home/ise/ISE_projects/ISE_Projects/PWM_project/Pre_Scaler_Unit.vhd \
      PB ieee/std_logic_1164 1381692176 PB ieee/STD_LOGIC_UNSIGNED 1381692179 \
      PB ieee/std_logic_arith 1381692177
AR work/Pre_Scaler_Unit/Behavioral 1707922925 \
      FL /home/ise/ISE_projects/ISE_Projects/PWM_project/Pre_Scaler_Unit.vhd \
      EN work/Pre_Scaler_Unit 1707922924
FL /home/ise/ISE_projects/ISE_Projects/PWM_project/PWM_Unit.vhd 2024/02/13.21:35:54 P.20131013
EN work/PWM_Unit 1707922926 \
      FL /home/ise/ISE_projects/ISE_Projects/PWM_project/PWM_Unit.vhd \
      PB ieee/std_logic_1164 1381692176 PB ieee/std_logic_arith 1381692177 \
      PB ieee/STD_LOGIC_UNSIGNED 1381692179
AR work/PWM_Unit/Behavioral 1707922927 \
      FL /home/ise/ISE_projects/ISE_Projects/PWM_project/PWM_Unit.vhd \
      EN work/PWM_Unit 1707922926
FL /home/ise/ISE_projects/ISE_Projects/PWM_project/State_machine.vhd 2024/02/14.14:56:20 P.20131013
EN work/State_machine 1707922928 \
      FL /home/ise/ISE_projects/ISE_Projects/PWM_project/State_machine.vhd \
      PB ieee/std_logic_1164 1381692176
AR work/State_machine/Behavioral 1707922929 \
      FL /home/ise/ISE_projects/ISE_Projects/PWM_project/State_machine.vhd \
      EN work/State_machine 1707922928
FL /home/ise/ISE_projects/ISE_Projects/PWM_project/Top2_PWM.vhd 2024/02/14.15:01:48 P.20131013
EN work/Top2_PWM 1707922932 \
      FL /home/ise/ISE_projects/ISE_Projects/PWM_project/Top2_PWM.vhd \
      PB ieee/std_logic_1164 1381692176
AR work/Top2_PWM/Behavioral 1707922933 \
      FL /home/ise/ISE_projects/ISE_Projects/PWM_project/Top2_PWM.vhd \
      EN work/Top2_PWM 1707922932 CP State_machine CP Top_PWM
FL /home/ise/ISE_projects/ISE_Projects/PWM_project/Top_PWM.vhd 2024/02/13.21:53:06 P.20131013
EN work/Top_PWM 1707922930 \
      FL /home/ise/ISE_projects/ISE_Projects/PWM_project/Top_PWM.vhd \
      PB ieee/std_logic_1164 1381692176
AR work/Top_PWM/Behavioral 1707922931 \
      FL /home/ise/ISE_projects/ISE_Projects/PWM_project/Top_PWM.vhd \
      EN work/Top_PWM 1707922930 CP Pre_Scaler_Unit CP PWM_Unit
