AR rom_kcpsm3 mix D:/Master/SBM/core_mixto_comandos/wishbone_rpd/sources/version_kcpsm3/ROM_KCPSM3.vhd sub00/vhpl15 1708628902
AR wb_slave_interface_pwm behavioral D:/Master/SBM/core_mixto_comandos/wishbone_rpd/hdl/wb_slave_interface_rpd_add.vhd sub00/vhpl25 1708628906
PB constants constants D:/Master/SBM/core_mixto_comandos/wishbone_rpd/sources/version_kcpsm3/ROM_KCPSM3.vhd sub00/vhpl13 1708628900
PH constants NULL D:/Master/SBM/core_mixto_comandos/wishbone_rpd/sources/version_kcpsm3/ROM_KCPSM3.vhd sub00/vhpl12 1708628899
AR wb_slave_interface_7seg behavioral D:/Master/SBM/core_mixto_comandos/wishbone_rpd/hdl/wb_slave_interface_7seg_s3.vhd sub00/vhpl19 1708628295
AR bbfifo_16x8 low_level_definition D:/Master/SBM/core_mixto_comandos/wishbone_rpd/hdl/bbfifo_16x8.vhd sub00/vhpl03 1708628886
AR pwm_unit behavioral D:/Master/SBM/ProyectosISE/PWM_project/PWM_Unit.vhd sub00/vhpl23 1708628892
EN wbm_uart_kcpsm3 NULL D:/Master/SBM/core_mixto_comandos/wishbone_rpd/hdl/wbm_uart_kcpsm3.vhd sub00/vhpl16 1708628903
AR uart_tx macro_level_definition D:/Master/SBM/core_mixto_comandos/wishbone_rpd/hdl/uart_tx.vhd sub00/vhpl11 1708628898
EN rom_kcpsm3 NULL D:/Master/SBM/core_mixto_comandos/wishbone_rpd/sources/version_kcpsm3/ROM_KCPSM3.vhd sub00/vhpl14 1708628901
AR kcuart_tx low_level_definition D:/Master/SBM/core_mixto_comandos/wishbone_rpd/hdl/kcuart_tx.vhd sub00/vhpl01 1708628884
AR kcuart_rx low_level_definition D:/Master/SBM/core_mixto_comandos/wishbone_rpd/hdl/kcuart_rx.vhd sub00/vhpl05 1708628888
EN kcuart_rx NULL D:/Master/SBM/core_mixto_comandos/wishbone_rpd/hdl/kcuart_rx.vhd sub00/vhpl04 1708628887
EN kcuart_tx NULL D:/Master/SBM/core_mixto_comandos/wishbone_rpd/hdl/kcuart_tx.vhd sub00/vhpl00 1708628883
EN kcpsm3 NULL D:/Master/SBM/core_mixto_comandos/wishbone_rpd/hdl/kcpsm3.vhd sub00/vhpl06 1708628893
EN wb_intercon_p2p NULL D:/Master/SBM/core_mixto_comandos/wishbone_rpd/hdl/wb_intercon_p2p_S3.vhd sub00/vhpl26 1708628907
EN bbfifo_16x8 NULL D:/Master/SBM/core_mixto_comandos/wishbone_rpd/hdl/bbfifo_16x8.vhd sub00/vhpl02 1708628885
EN pwm_unit NULL D:/Master/SBM/ProyectosISE/PWM_project/PWM_Unit.vhd sub00/vhpl22 1708628891
AR pre_scaler_unit behavioral D:/Master/SBM/ProyectosISE/PWM_project/Pre_Scaler_Unit.vhd sub00/vhpl21 1708628890
AR wbm_uart_kcpsm3 arch D:/Master/SBM/core_mixto_comandos/wishbone_rpd/hdl/wbm_uart_kcpsm3.vhd sub00/vhpl17 1708628904
EN pre_scaler_unit NULL D:/Master/SBM/ProyectosISE/PWM_project/Pre_Scaler_Unit.vhd sub00/vhpl20 1708628889
EN wb_slave_interface_7seg NULL D:/Master/SBM/core_mixto_comandos/wishbone_rpd/hdl/wb_slave_interface_7seg_s3.vhd sub00/vhpl18 1708628294
AR uart_rx macro_level_definition D:/Master/SBM/core_mixto_comandos/wishbone_rpd/hdl/uart_rx.vhd sub00/vhpl09 1708628896
AR wb_intercon_p2p alpha D:/Master/SBM/core_mixto_comandos/wishbone_rpd/hdl/wb_intercon_p2p_S3.vhd sub00/vhpl27 1708628908
EN uart_rx NULL D:/Master/SBM/core_mixto_comandos/wishbone_rpd/hdl/uart_rx.vhd sub00/vhpl08 1708628895
AR kcpsm3 low_level_definition D:/Master/SBM/core_mixto_comandos/wishbone_rpd/hdl/kcpsm3.vhd sub00/vhpl07 1708628894
EN uart_tx NULL D:/Master/SBM/core_mixto_comandos/wishbone_rpd/hdl/uart_tx.vhd sub00/vhpl10 1708628897
EN wb_slave_interface_pwm NULL D:/Master/SBM/core_mixto_comandos/wishbone_rpd/hdl/wb_slave_interface_rpd_add.vhd sub00/vhpl24 1708628905
