EN pre_scaler_unit NULL D:/Master/SBM/ProyectosISE/PicoBlazeMaster2Slave/Pre_Scaler_Unit.vhd sub00/vhpl06 1709045465
EN wb_slave_interface_pwm NULL D:/Master/SBM/ProyectosISE/PicoBlazeMaster2Slave/wb_slave_interface_rpd_add.vhd sub00/vhpl24 1709045483
AR bbfifo_16x8 low_level_definition D:/Master/SBM/ProyectosISE/PicoBlazeMaster2Slave/bbfifo_16x8.vhd sub00/vhpl03 1709045462
EN wb_intercon_p2p NULL D:/Master/SBM/ProyectosISE/PicoBlazeMaster2Slave/wb_intercon_p2p_S3.vhd sub00/vhpl26 1709045485
EN wbm_uart_kcpsm3 NULL D:/Master/SBM/ProyectosISE/PicoBlazeMaster2Slave/wbm_uart_kcpsm3.vhd sub00/vhpl20 1709045479
AR uart_tx macro_level_definition D:/Master/SBM/ProyectosISE/PicoBlazeMaster2Slave/uart_tx.vhd sub00/vhpl15 1709045474
PH constants NULL D:/Master/SBM/ProyectosISE/PicoBlazeMaster2Slave/ROM_KCPSM3.vhd sub00/vhpl16 1709045475
AR kcuart_tx low_level_definition D:/Master/SBM/ProyectosISE/PicoBlazeMaster2Slave/kcuart_tx.vhd sub00/vhpl01 1709045460
AR wb_slave_interface_7seg behavioral D:/Master/SBM/ProyectosISE/PicoBlazeMaster2Slave/wb_slave_interface_7seg_s3.vhd sub00/vhpl23 1709045482
AR kcpsm3 low_level_definition D:/Master/SBM/ProyectosISE/PicoBlazeMaster2Slave/kcpsm3.vhd sub00/vhpl11 1709045470
AR wb_intercon_p2p alpha D:/Master/SBM/ProyectosISE/PicoBlazeMaster2Slave/wb_intercon_p2p_S3.vhd sub00/vhpl27 1709045486
AR uart_rx macro_level_definition D:/Master/SBM/ProyectosISE/PicoBlazeMaster2Slave/uart_rx.vhd sub00/vhpl13 1709045472
EN rom_kcpsm3 NULL D:/Master/SBM/ProyectosISE/PicoBlazeMaster2Slave/ROM_KCPSM3.vhd sub00/vhpl18 1709045477
PB constants constants D:/Master/SBM/ProyectosISE/PicoBlazeMaster2Slave/ROM_KCPSM3.vhd sub00/vhpl17 1709045476
EN wb_slave_interface_7seg NULL D:/Master/SBM/ProyectosISE/PicoBlazeMaster2Slave/wb_slave_interface_7seg_s3.vhd sub00/vhpl22 1709045481
AR wb_slave_interface_pwm behavioral D:/Master/SBM/ProyectosISE/PicoBlazeMaster2Slave/wb_slave_interface_rpd_add.vhd sub00/vhpl25 1709045484
AR wbm_uart_kcpsm3 arch D:/Master/SBM/ProyectosISE/PicoBlazeMaster2Slave/wbm_uart_kcpsm3.vhd sub00/vhpl21 1709045480
EN kcuart_rx NULL D:/Master/SBM/ProyectosISE/PicoBlazeMaster2Slave/kcuart_rx.vhd sub00/vhpl04 1709045463
EN kcuart_tx NULL D:/Master/SBM/ProyectosISE/PicoBlazeMaster2Slave/kcuart_tx.vhd sub00/vhpl00 1709045459
EN kcpsm3 NULL D:/Master/SBM/ProyectosISE/PicoBlazeMaster2Slave/kcpsm3.vhd sub00/vhpl10 1709045469
AR rom_kcpsm3 mix D:/Master/SBM/ProyectosISE/PicoBlazeMaster2Slave/ROM_KCPSM3.vhd sub00/vhpl19 1709045478
AR pre_scaler_unit behavioral D:/Master/SBM/ProyectosISE/PicoBlazeMaster2Slave/Pre_Scaler_Unit.vhd sub00/vhpl07 1709045466
AR pwm_unit behavioral D:/Master/SBM/ProyectosISE/PicoBlazeMaster2Slave/PWM_Unit.vhd sub00/vhpl09 1709045468
EN bbfifo_16x8 NULL D:/Master/SBM/ProyectosISE/PicoBlazeMaster2Slave/bbfifo_16x8.vhd sub00/vhpl02 1709045461
EN pwm_unit NULL D:/Master/SBM/ProyectosISE/PicoBlazeMaster2Slave/PWM_Unit.vhd sub00/vhpl08 1709045467
EN uart_rx NULL D:/Master/SBM/ProyectosISE/PicoBlazeMaster2Slave/uart_rx.vhd sub00/vhpl12 1709045471
AR kcuart_rx low_level_definition D:/Master/SBM/ProyectosISE/PicoBlazeMaster2Slave/kcuart_rx.vhd sub00/vhpl05 1709045464
EN uart_tx NULL D:/Master/SBM/ProyectosISE/PicoBlazeMaster2Slave/uart_tx.vhd sub00/vhpl14 1709045473
