AR ejemplo_simple alpha C:/Users/Docencia/Downloads/SBM-Christopher/core_mixto_basico/core_mixto_basico/ejemplo_simple_top.vhd sub00/vhpl33 1708015728
AR stack_ram low_level_definition C:/Users/Docencia/Downloads/SBM-Christopher/core_mixto_basico/core_mixto_basico/kcpsm.vhd sub00/vhpl23 1708015718
EN logical_bus_processing NULL C:/Users/Docencia/Downloads/SBM-Christopher/core_mixto_basico/core_mixto_basico/kcpsm.vhd sub00/vhpl04 1708015699
EN alu_control_mux2 NULL C:/Users/Docencia/Downloads/SBM-Christopher/core_mixto_basico/core_mixto_basico/kcpsm.vhd sub00/vhpl12 1708015707
EN ejemplo_simple NULL C:/Users/Docencia/Downloads/SBM-Christopher/core_mixto_basico/core_mixto_basico/ejemplo_simple_top.vhd sub00/vhpl32 1708015727
AR shift_rotate_process low_level_definition C:/Users/Docencia/Downloads/SBM-Christopher/core_mixto_basico/core_mixto_basico/kcpsm.vhd sub00/vhpl03 1708015698
AR arithmetic_process low_level_definition C:/Users/Docencia/Downloads/SBM-Christopher/core_mixto_basico/core_mixto_basico/kcpsm.vhd sub00/vhpl07 1708015702
EN rom0 NULL C:/Users/Docencia/Downloads/SBM-Christopher/core_mixto_basico/core_mixto_basico/mi_programa.vhd sub00/vhpl30 1708015725
EN stack_counter NULL C:/Users/Docencia/Downloads/SBM-Christopher/core_mixto_basico/core_mixto_basico/kcpsm.vhd sub00/vhpl24 1708015719
EN program_counter NULL C:/Users/Docencia/Downloads/SBM-Christopher/core_mixto_basico/core_mixto_basico/kcpsm.vhd sub00/vhpl26 1708015721
AR io_strobe_logic low_level_definition C:/Users/Docencia/Downloads/SBM-Christopher/core_mixto_basico/core_mixto_basico/kcpsm.vhd sub00/vhpl21 1708015716
AR alu_control_mux2 low_level_definition C:/Users/Docencia/Downloads/SBM-Christopher/core_mixto_basico/core_mixto_basico/kcpsm.vhd sub00/vhpl13 1708015708
EN data_register_bank NULL C:/Users/Docencia/Downloads/SBM-Christopher/core_mixto_basico/core_mixto_basico/kcpsm.vhd sub00/vhpl14 1708015709
EN interrupt_logic NULL C:/Users/Docencia/Downloads/SBM-Christopher/core_mixto_basico/core_mixto_basico/kcpsm.vhd sub00/vhpl18 1708015713
AR kcpsm macro_level_definition C:/Users/Docencia/Downloads/SBM-Christopher/core_mixto_basico/core_mixto_basico/kcpsm.vhd sub00/vhpl29 1708015724
AR program_counter low_level_definition C:/Users/Docencia/Downloads/SBM-Christopher/core_mixto_basico/core_mixto_basico/kcpsm.vhd sub00/vhpl27 1708015722
AR logical_bus_processing low_level_definition C:/Users/Docencia/Downloads/SBM-Christopher/core_mixto_basico/core_mixto_basico/kcpsm.vhd sub00/vhpl05 1708015700
EN stack_ram NULL C:/Users/Docencia/Downloads/SBM-Christopher/core_mixto_basico/core_mixto_basico/kcpsm.vhd sub00/vhpl22 1708015717
EN flag_logic NULL C:/Users/Docencia/Downloads/SBM-Christopher/core_mixto_basico/core_mixto_basico/kcpsm.vhd sub00/vhpl08 1708015703
AR t_state_and_reset low_level_definition C:/Users/Docencia/Downloads/SBM-Christopher/core_mixto_basico/core_mixto_basico/kcpsm.vhd sub00/vhpl17 1708015712
EN kcpsm NULL C:/Users/Docencia/Downloads/SBM-Christopher/core_mixto_basico/core_mixto_basico/kcpsm.vhd sub00/vhpl28 1708015723
EN io_strobe_logic NULL C:/Users/Docencia/Downloads/SBM-Christopher/core_mixto_basico/core_mixto_basico/kcpsm.vhd sub00/vhpl20 1708015715
AR data_bus_mux4 low_level_definition C:/Users/Docencia/Downloads/SBM-Christopher/core_mixto_basico/core_mixto_basico/kcpsm.vhd sub00/vhpl01 1708015696
EN arithmetic_process NULL C:/Users/Docencia/Downloads/SBM-Christopher/core_mixto_basico/core_mixto_basico/kcpsm.vhd sub00/vhpl06 1708015701
AR interrupt_logic low_level_definition C:/Users/Docencia/Downloads/SBM-Christopher/core_mixto_basico/core_mixto_basico/kcpsm.vhd sub00/vhpl19 1708015714
EN shift_rotate_process NULL C:/Users/Docencia/Downloads/SBM-Christopher/core_mixto_basico/core_mixto_basico/kcpsm.vhd sub00/vhpl02 1708015697
EN data_bus_mux2 NULL C:/Users/Docencia/Downloads/SBM-Christopher/core_mixto_basico/core_mixto_basico/kcpsm.vhd sub00/vhpl10 1708015705
EN data_bus_mux4 NULL C:/Users/Docencia/Downloads/SBM-Christopher/core_mixto_basico/core_mixto_basico/kcpsm.vhd sub00/vhpl00 1708015695
EN t_state_and_reset NULL C:/Users/Docencia/Downloads/SBM-Christopher/core_mixto_basico/core_mixto_basico/kcpsm.vhd sub00/vhpl16 1708015711
AR data_bus_mux2 low_level_definition C:/Users/Docencia/Downloads/SBM-Christopher/core_mixto_basico/core_mixto_basico/kcpsm.vhd sub00/vhpl11 1708015706
AR data_register_bank low_level_definition C:/Users/Docencia/Downloads/SBM-Christopher/core_mixto_basico/core_mixto_basico/kcpsm.vhd sub00/vhpl15 1708015710
AR rom0 low_level_definition C:/Users/Docencia/Downloads/SBM-Christopher/core_mixto_basico/core_mixto_basico/mi_programa.vhd sub00/vhpl31 1708015726
AR flag_logic low_level_definition C:/Users/Docencia/Downloads/SBM-Christopher/core_mixto_basico/core_mixto_basico/kcpsm.vhd sub00/vhpl09 1708015704
AR stack_counter low_level_definition C:/Users/Docencia/Downloads/SBM-Christopher/core_mixto_basico/core_mixto_basico/kcpsm.vhd sub00/vhpl25 1708015720
