EN wb_slave_interface_rpd NULL C:/Users/Docencia/Downloads/SBM-Christopher/core_mixto_comandos/wishbone_rpd/hdl/wb_slave_interface_rpd_add.vhd sub00/vhpl04 1708448265
AR rom_kcpsm3 mix C:/Users/Docencia/Downloads/SBM-Christopher/core_mixto_comandos/wishbone_rpd/sources/version_kcpsm3/ROM_KCPSM3.vhd sub00/vhpl21 1708448307
PB constants constants C:/Users/Docencia/Downloads/SBM-Christopher/core_mixto_comandos/wishbone_rpd/sources/version_kcpsm3/ROM_KCPSM3.vhd sub00/vhpl19 1708448305
PH constants NULL C:/Users/Docencia/Downloads/SBM-Christopher/core_mixto_comandos/wishbone_rpd/sources/version_kcpsm3/ROM_KCPSM3.vhd sub00/vhpl18 1708448304
AR wb_slave_interface_7seg behavioral C:/Users/Docencia/Downloads/SBM-Christopher/core_mixto_comandos/wishbone_rpd/hdl/wb_slave_interface_7seg_s3.vhd sub00/vhpl25 1708448311
AR pwm_unit behavioral F:/Master/SBM/RAM/PWM_Unit.vhd sub00/vhpl03 1708448264
AR bbfifo_16x8 low_level_definition C:/Users/Docencia/Downloads/SBM-Christopher/core_mixto_comandos/wishbone_rpd/hdl/bbfifo_16x8.vhd sub00/vhpl09 1708448295
EN wbm_uart_kcpsm3 NULL C:/Users/Docencia/Downloads/SBM-Christopher/core_mixto_comandos/wishbone_rpd/hdl/wbm_uart_kcpsm3.vhd sub00/vhpl22 1708448308
AR uart_tx macro_level_definition C:/Users/Docencia/Downloads/SBM-Christopher/core_mixto_comandos/wishbone_rpd/hdl/uart_tx.vhd sub00/vhpl17 1708448303
EN rom_kcpsm3 NULL C:/Users/Docencia/Downloads/SBM-Christopher/core_mixto_comandos/wishbone_rpd/sources/version_kcpsm3/ROM_KCPSM3.vhd sub00/vhpl20 1708448306
AR prescaler behavioral F:/Master/SBM/RAM/PreScaler.vhd sub00/vhpl01 1708448262
AR kcuart_tx low_level_definition C:/Users/Docencia/Downloads/SBM-Christopher/core_mixto_comandos/wishbone_rpd/hdl/kcuart_tx.vhd sub00/vhpl07 1708448293
AR kcuart_rx low_level_definition C:/Users/Docencia/Downloads/SBM-Christopher/core_mixto_comandos/wishbone_rpd/hdl/kcuart_rx.vhd sub00/vhpl11 1708448297
EN kcuart_rx NULL C:/Users/Docencia/Downloads/SBM-Christopher/core_mixto_comandos/wishbone_rpd/hdl/kcuart_rx.vhd sub00/vhpl10 1708448296
EN kcuart_tx NULL C:/Users/Docencia/Downloads/SBM-Christopher/core_mixto_comandos/wishbone_rpd/hdl/kcuart_tx.vhd sub00/vhpl06 1708448292
EN kcpsm3 NULL C:/Users/Docencia/Downloads/SBM-Christopher/core_mixto_comandos/wishbone_rpd/hdl/kcpsm3.vhd sub00/vhpl12 1708448298
EN wb_intercon_p2p NULL C:/Users/Docencia/Downloads/SBM-Christopher/core_mixto_comandos/wishbone_rpd/hdl/wb_intercon_p2p_S3.vhd sub00/vhpl26 1708448312
EN bbfifo_16x8 NULL C:/Users/Docencia/Downloads/SBM-Christopher/core_mixto_comandos/wishbone_rpd/hdl/bbfifo_16x8.vhd sub00/vhpl08 1708448294
EN pwm_unit NULL F:/Master/SBM/RAM/PWM_Unit.vhd sub00/vhpl02 1708448263
EN prescaler NULL F:/Master/SBM/RAM/PreScaler.vhd sub00/vhpl00 1708448261
AR wbm_uart_kcpsm3 arch C:/Users/Docencia/Downloads/SBM-Christopher/core_mixto_comandos/wishbone_rpd/hdl/wbm_uart_kcpsm3.vhd sub00/vhpl23 1708448309
EN wb_slave_interface_7seg NULL C:/Users/Docencia/Downloads/SBM-Christopher/core_mixto_comandos/wishbone_rpd/hdl/wb_slave_interface_7seg_s3.vhd sub00/vhpl24 1708448310
AR wb_slave_interface_rpd behavioral C:/Users/Docencia/Downloads/SBM-Christopher/core_mixto_comandos/wishbone_rpd/hdl/wb_slave_interface_rpd_add.vhd sub00/vhpl05 1708448266
AR uart_rx macro_level_definition C:/Users/Docencia/Downloads/SBM-Christopher/core_mixto_comandos/wishbone_rpd/hdl/uart_rx.vhd sub00/vhpl15 1708448301
AR wb_intercon_p2p alpha C:/Users/Docencia/Downloads/SBM-Christopher/core_mixto_comandos/wishbone_rpd/hdl/wb_intercon_p2p_S3.vhd sub00/vhpl27 1708448313
EN uart_rx NULL C:/Users/Docencia/Downloads/SBM-Christopher/core_mixto_comandos/wishbone_rpd/hdl/uart_rx.vhd sub00/vhpl14 1708448300
AR kcpsm3 low_level_definition C:/Users/Docencia/Downloads/SBM-Christopher/core_mixto_comandos/wishbone_rpd/hdl/kcpsm3.vhd sub00/vhpl13 1708448299
EN uart_tx NULL C:/Users/Docencia/Downloads/SBM-Christopher/core_mixto_comandos/wishbone_rpd/hdl/uart_tx.vhd sub00/vhpl16 1708448302
